
ADIVIM STATISTICS
-------------------

Total Write Count : 	32
Total Write Req : 	24
Write Amplification Factor : 	1.333333
Response time average: 	0.134414
Average Lifetime : 	50
