
ADIVIM STATISTICS
-------------------

Total Write Count : 	1536
Total Write Req : 	1536
Write Amplification Factor : 	1.000000
Average Lifetime : 	50
