
ADIVIM STATISTICS
-------------------

Total Write Count : 	1536
Total Write Req : 	1536
Write Amplification Factor : 	1.000000
Response time average: 	0.933430
Average Lifetime : 	50
